// Jest Snapshot v1, https://goo.gl/fbAQLP

exports[`rollup should build simple components 1`] = `
"var _component_tsx = (function () {
    'use strict';

    // eslint-disable-next-line @typescript-eslint/explicit-module-boundary-types
    function UserComponent() {
      return null;
    }

    return UserComponent;

}());
UiToolkitAPI.GetGlobalObject().FinnbyRuntime._mount(_component_tsx, $.GetContextPanel())
"
`;

exports[`rollup should build simple components 2`] = `"<root><scripts><include src=\\"file://{resources}/scripts/components/component.js\\"></include></scripts><Panel></Panel></root>"`;

exports[`rollup should extract classes from styled components 1`] = `
"var _styled_tsx = (function (React, finnby) {
    'use strict';

    function _interopDefaultLegacy (e) { return e && typeof e === 'object' && 'default' in e ? e : { 'default': e }; }

    var React__default = /*#__PURE__*/_interopDefaultLegacy(React);

    const StyledPanel = /*#__PURE__*/finnby.styled.static.Panel(\\"_styled_tsx_0_StyledPanel\\");
    const StyledButton = /*#__PURE__*/finnby.styled.static.Button(\\"_styled_tsx_1_StyledButton\\");
    const StyledLabel = /*#__PURE__*/finnby.styled.static(finnby.Label, {})(\\"_styled_tsx_3_StyledLabel\\"); // eslint-disable-next-line @typescript-eslint/explicit-module-boundary-types

    function UserComponent() {
      return /*#__PURE__*/React__default['default'].createElement(StyledPanel, {
        class: \\"otherClass\\"
      }, /*#__PURE__*/React__default['default'].createElement(StyledButton, null, /*#__PURE__*/React__default['default'].createElement(StyledLabel, {
        style: {
          paddingTop: \\"12px\\"
        }
      })));
    }

    return UserComponent;

}(UiToolkitAPI.GetGlobalObject().React, UiToolkitAPI.GetGlobalObject().FinnbyRuntime));
UiToolkitAPI.GetGlobalObject().FinnbyRuntime._mount(_styled_tsx, $.GetContextPanel())
"
`;

exports[`rollup should extract classes from styled components 2`] = `"<root><styles><include src=\\"file://{resources}/styles/finnby/styled.css\\"></include></styles><scripts><include src=\\"file://{resources}/scripts/components/styled.js\\"></include></scripts><Panel><Panel class=\\"otherClass _styled_tsx_0_StyledPanel\\"><Button class=\\"_styled_tsx_1_StyledButton\\"><Label style=\\"padding-top:12px;\\" class=\\"_styled_tsx_3_StyledLabel\\"></Label></Button></Panel></Panel></root>"`;

exports[`rollup should extract classes from styled components 3`] = `
"._styled_tsx_0_StyledPanel{
    background-color: red;
}
._styled_tsx_1_StyledButton{background-color: white;}
@keyframes _styled_tsx_2_fadeIn{
    from {
        opacity: 0;
    }
    to {
        opacity: 1;
    }
}
._styled_tsx_3_StyledLabel{
    color: blue;
    animation: _styled_tsx_2_fadeIn 500ms;
}"
`;

exports[`rollup should process stylesheet imports 1`] = `
"var _stylesheet_tsx = (function (React, finnby) {
    'use strict';

    function _interopDefaultLegacy (e) { return e && typeof e === 'object' && 'default' in e ? e : { 'default': e }; }

    var React__default = /*#__PURE__*/_interopDefaultLegacy(React);

    var styles = {\\"userClass\\":\\"_userClass_1j71q_1\\"};

    function UserComponent() {
      return /*#__PURE__*/React__default['default'].createElement(finnby.Panel, {
        class: styles.userClass
      });
    }

    return UserComponent;

}(UiToolkitAPI.GetGlobalObject().React, UiToolkitAPI.GetGlobalObject().FinnbyRuntime));
UiToolkitAPI.GetGlobalObject().FinnbyRuntime._mount(_stylesheet_tsx, $.GetContextPanel())
"
`;

exports[`rollup should process stylesheet imports 2`] = `"<root><styles><include src=\\"file://{resources}/styles/stylesheet.css\\"></include></styles><scripts><include src=\\"file://{resources}/scripts/components/stylesheet.js\\"></include></scripts><Panel><Panel class=\\"_userClass_1j71q_1\\"></Panel></Panel></root>"`;

exports[`rollup should process stylesheet imports 3`] = `
"._userClass_1j71q_1 {
    color: red;
}
"
`;
