// Jest Snapshot v1, https://goo.gl/fbAQLP

exports[`rollup should build simple components 1`] = `
"var _component_tsx = (function () {
    'use strict';

    // eslint-disable-next-line @typescript-eslint/explicit-module-boundary-types
    function UserComponent() {
      return null;
    }

    return UserComponent;

}());
UiToolkitAPI.GetGlobalObject().FinnbyRuntime._mount(_component_tsx, $.GetContextPanel())
"
`;

exports[`rollup should build simple components 2`] = `"<root><scripts><include src=\\"file://{resources}/scripts\\\\components\\\\component.js\\"></include></scripts><Panel></Panel></root>"`;

exports[`rollup should extract classes from styled components 1`] = `
"var _styled_tsx = (function (React, finnby) {
    'use strict';

    function _interopDefaultLegacy (e) { return e && typeof e === 'object' && 'default' in e ? e : { 'default': e }; }

    var React__default = /*#__PURE__*/_interopDefaultLegacy(React);

    const StyledPanel = finnby.styled.static.Panel(\\"__styled_tsx_0\\");
    const StyledLabel = finnby.styled.static(finnby.Label, {})(\\"__styled_tsx_1\\"); // eslint-disable-next-line @typescript-eslint/explicit-module-boundary-types

    function UserComponent() {
      return /*#__PURE__*/React__default['default'].createElement(StyledPanel, {
        class: \\"otherClass\\"
      }, /*#__PURE__*/React__default['default'].createElement(StyledLabel, {
        styles: {
          paddingTop: \\"12px\\"
        }
      }));
    }

    return UserComponent;

}(UiToolkitAPI.GetGlobalObject().React, UiToolkitAPI.GetGlobalObject().FinnbyRuntime));
UiToolkitAPI.GetGlobalObject().FinnbyRuntime._mount(_styled_tsx, $.GetContextPanel())
"
`;

exports[`rollup should extract classes from styled components 2`] = `"<root><styles><include src=\\"file://{resources}/styles/finnby\\\\styled.css\\"></include></styles><scripts><include src=\\"file://{resources}/scripts\\\\components\\\\styled.js\\"></include></scripts><Panel><Panel class=\\"otherClass __styled_tsx_0\\"><Label styles=\\"[object Object]\\" class=\\"__styled_tsx_1\\"></Label></Panel></Panel></root>"`;

exports[`rollup should extract classes from styled components 3`] = `
".__styled_tsx_0{
    background-color: red;
}
.__styled_tsx_1{
    color: blue;
}"
`;

exports[`rollup should process stylesheet imports 1`] = `
"var _stylesheet_tsx = (function (React, finnby) {
    'use strict';

    function _interopDefaultLegacy (e) { return e && typeof e === 'object' && 'default' in e ? e : { 'default': e }; }

    var React__default = /*#__PURE__*/_interopDefaultLegacy(React);

    var styles = {\\"userClass\\":\\"_userClass_1uee3_1\\"};

    function UserComponent() {
      return /*#__PURE__*/React__default['default'].createElement(finnby.Panel, {
        class: styles.userClass
      });
    }

    return UserComponent;

}(UiToolkitAPI.GetGlobalObject().React, UiToolkitAPI.GetGlobalObject().FinnbyRuntime));
UiToolkitAPI.GetGlobalObject().FinnbyRuntime._mount(_stylesheet_tsx, $.GetContextPanel())
"
`;

exports[`rollup should process stylesheet imports 2`] = `"<root><styles><include src=\\"file://{resources}/styles/stylesheet.css\\"></include></styles><scripts><include src=\\"file://{resources}/scripts\\\\components\\\\stylesheet.js\\"></include></scripts><Panel><Panel class=\\"_userClass_1uee3_1\\"></Panel></Panel></root>"`;

exports[`rollup should process stylesheet imports 3`] = `
"._userClass_1uee3_1 {
    color: red;
}
"
`;
